// Jest Snapshot v1, https://goo.gl/fbAQLP

exports[`App When network finishes succesfully Should render correctly 1`] = `
<div
  className="app"
>
  <form
    className="form"
    onSubmit={[Function]}
  >
    <div
      className="userDetailsContainer"
    >
      <h1>
        User details
      </h1>
      <div
        className="userDetails"
      >
        <div>
          <div
            className="input"
          >
            <label>
              First Name
            </label>
            <input
              name="firstName"
              onBlur={[Function]}
              onChange={[Function]}
              type="string"
              value="firstName"
            />
          </div>
        </div>
        <div>
          <div
            className="input"
          >
            <label>
              Last Name
            </label>
            <input
              name="lastName"
              onBlur={[Function]}
              onChange={[Function]}
              type="string"
              value="lastName"
            />
          </div>
        </div>
      </div>
    </div>
    <div
      className="addressContainer"
    >
      <div
        className="address"
      >
        <h1>
          Shipping Address
        </h1>
        <div>
          <div
            className="input"
          >
            <label>
              Country
            </label>
            <input
              name="shippingAddress.country"
              onBlur={[Function]}
              onChange={[Function]}
              type="string"
              value="country"
            />
          </div>
        </div>
        <div>
          <div
            className="input"
          >
            <label>
              Street Name
            </label>
            <input
              name="shippingAddress.streetName"
              onBlur={[Function]}
              onChange={[Function]}
              type="string"
              value="streetName"
            />
          </div>
        </div>
        <div>
          <div
            className="input"
          >
            <label>
              Street number
            </label>
            <input
              name="shippingAddress.streetNumber"
              onBlur={[Function]}
              onChange={[Function]}
              type="string"
              value="streetNumber"
            />
          </div>
        </div>
        <div>
          <div
            className="input"
          >
            <label>
              City
            </label>
            <input
              name="shippingAddress.city"
              onBlur={[Function]}
              onChange={[Function]}
              type="string"
              value="city"
            />
          </div>
        </div>
        <div>
          <div
            className="input"
          >
            <label>
              Postal Code
            </label>
            <input
              name="shippingAddress.postalCode"
              onBlur={[Function]}
              onChange={[Function]}
              type="string"
              value="postalCode"
            />
          </div>
        </div>
        <div>
          <div
            className="input"
          >
            <label>
              Phone
            </label>
            <input
              name="shippingAddress.phone"
              onBlur={[Function]}
              onChange={[Function]}
              type="string"
              value="phone"
            />
          </div>
        </div>
      </div>
      <div
        className="address"
      >
        <h1>
          Billing Address
        </h1>
        <div>
          <div
            className="input"
          >
            <label>
              Country
            </label>
            <input
              name="billingAddress.country"
              onBlur={[Function]}
              onChange={[Function]}
              type="string"
              value="country"
            />
          </div>
        </div>
        <div>
          <div
            className="input"
          >
            <label>
              Street Name
            </label>
            <input
              name="billingAddress.streetName"
              onBlur={[Function]}
              onChange={[Function]}
              type="string"
              value="streetName"
            />
          </div>
        </div>
        <div>
          <div
            className="input"
          >
            <label>
              Street number
            </label>
            <input
              name="billingAddress.streetNumber"
              onBlur={[Function]}
              onChange={[Function]}
              type="string"
              value="streetNumber"
            />
          </div>
        </div>
        <div>
          <div
            className="input"
          >
            <label>
              City
            </label>
            <input
              name="billingAddress.city"
              onBlur={[Function]}
              onChange={[Function]}
              type="string"
              value="city"
            />
          </div>
        </div>
        <div>
          <div
            className="input"
          >
            <label>
              Postal Code
            </label>
            <input
              name="billingAddress.postalCode"
              onBlur={[Function]}
              onChange={[Function]}
              type="string"
              value="postalCode"
            />
          </div>
        </div>
        <div>
          <div
            className="input"
          >
            <label>
              Phone
            </label>
            <input
              name="billingAddress.phone"
              onBlur={[Function]}
              onChange={[Function]}
              type="string"
              value="phone"
            />
          </div>
        </div>
      </div>
    </div>
    <button
      type="submit"
    >
      submit
    </button>
  </form>
</div>
`;

exports[`App When network finishes with error Should render error 1`] = `
<div>
  something went wrong
</div>
`;
